// Jest Snapshot v1, https://goo.gl/fbAQLP

exports[`Copyright displays current year and brand 1`] = `
<p>
  Â© 2022 Yoo.IE
</p>
`;
