// Jest Snapshot v1, https://goo.gl/fbAQLP

exports[`TextInput displays label and text-input 1`] = `
<div
  className="form-control"
>
  <label
    className="label"
  >
    <span>
      Email
    </span>
     
  </label>
  <input
    className="input input-primary input-bordered"
    maxLength={1000}
    minLength={1}
    placeholder="info@yoo.ie"
    required={true}
    type="text"
  />
</div>
`;
